// Jest Snapshot v1, https://goo.gl/fbAQLP

exports[`rockets renders correctly 1`] = `
<section
  className="rockets-list"
/>
`;
